Need to install the following packages:
vitest@4.1.1
